[debug] [2026-05-04T07:37:02.612Z] ----------------------------------------------------------------------
[debug] [2026-05-04T07:37:02.614Z] Command:       C:\Program Files\nodejs\node.exe C:\Users\aromg\AppData\Roaming\npm\node_modules\firebase-tools\lib\bin\firebase.js init hosting
[debug] [2026-05-04T07:37:02.614Z] CLI Version:   15.16.0
[debug] [2026-05-04T07:37:02.614Z] Platform:      win32
[debug] [2026-05-04T07:37:02.614Z] Node Version:  v24.15.0
[debug] [2026-05-04T07:37:02.614Z] Time:          Mon May 04 2026 03:37:02 GMT-0400 (GMT-04:00)
[debug] [2026-05-04T07:37:02.614Z] ----------------------------------------------------------------------
[debug] 
[info] 
     ######## #### ########  ######## ########     ###     ######  ########
     ##        ##  ##     ## ##       ##     ##  ##   ##  ##       ##
     ######    ##  ########  ######   ########  #########  ######  ######
     ##        ##  ##    ##  ##       ##     ## ##     ##       ## ##
     ##       #### ##     ## ######## ########  ##     ##  ######  ########

You're about to initialize a Firebase project in this directory:

  C:\Users\aromg\Music\pagina munay\APP MUNAY

[info] 
=== Project Setup
[info] 
[info] First, let's associate this project directory with a Firebase project.
[info] You can create multiple project aliases by running firebase use --add, 
[info] 
[debug] [2026-05-04T07:37:19.930Z] > command requires scopes: ["email","openid","https://www.googleapis.com/auth/cloudplatformprojects.readonly","https://www.googleapis.com/auth/firebase","https://www.googleapis.com/auth/cloud-platform"]
[debug] [2026-05-04T07:37:19.930Z] > authorizing via signed-in user (aromguz@gmail.com)
[debug] [2026-05-04T07:37:19.931Z] Checked if tokens are valid: true, expires at: 1777883766077
[debug] [2026-05-04T07:37:19.931Z] Checked if tokens are valid: true, expires at: 1777883766077
[debug] [2026-05-04T07:37:19.932Z] >>> [apiv2][query] GET https://firebase.googleapis.com/v1beta1/projects pageSize=100
[debug] [2026-05-04T07:37:20.739Z] <<< [apiv2][status] GET https://firebase.googleapis.com/v1beta1/projects 200
[debug] [2026-05-04T07:37:20.740Z] <<< [apiv2][body] GET https://firebase.googleapis.com/v1beta1/projects [omitted]
[info] 
=== Hosting Setup
[debug] [2026-05-04T07:37:40.189Z] Checked if tokens are valid: true, expires at: 1777883766077
[debug] [2026-05-04T07:37:40.189Z] Checked if tokens are valid: true, expires at: 1777883766077
[debug] [2026-05-04T07:37:40.190Z] >>> [apiv2][query] GET https://firebase.googleapis.com/v1beta1/projects/hospital-munay [none]
[debug] [2026-05-04T07:37:40.621Z] <<< [apiv2][status] GET https://firebase.googleapis.com/v1beta1/projects/hospital-munay 200
[debug] [2026-05-04T07:37:40.621Z] <<< [apiv2][body] GET https://firebase.googleapis.com/v1beta1/projects/hospital-munay {"projectId":"hospital-munay","projectNumber":"219046537621","displayName":"Hospital Munay","name":"projects/hospital-munay","resources":{"hostingSite":"hospital-munay"},"state":"ACTIVE","etag":"1_0d3b60e6-4bca-4b07-bf53-0479fec62679"}
[info] 
[info] Your public directory is the folder (relative to your project directory) that
[info] will contain Hosting assets to be uploaded with firebase deploy. If you
[info] have a build process for your assets, use your build's output directory.
[info] 
[info] 
[info] i  Didn't detect a .git folder. Assuming C:\Users\aromg\Music\pagina munay\APP MUNAY is the project root. 
[info] i  Authorizing with GitHub to upload your service account to a GitHub repository's secrets store. 
[info] 
[info] Visit this URL on this device to log in:
[info] https://github.com/login/oauth/authorize?client_id=89cf50f02ac6aaed3484&state=153509040&redirect_uri=http%3A%2F%2Flocalhost%3A9005&scope=read%3Auser%20repo%20public_repo
[info] 
[info] Waiting for authentication...
[debug] [2026-05-04T07:38:31.300Z] >>> [apiv2][query] POST https://github.com/login/oauth/access_token [none]
[debug] [2026-05-04T07:38:31.300Z] >>> [apiv2][body] POST https://github.com/login/oauth/access_token [stream]
[debug] [2026-05-04T07:38:31.850Z] <<< [apiv2][status] POST https://github.com/login/oauth/access_token 200
[debug] [2026-05-04T07:38:31.850Z] <<< [apiv2][body] POST https://github.com/login/oauth/access_token {"access_token":"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","token_type":"bearer","scope":"read:user,repo"}
[debug] [2026-05-04T07:38:31.853Z] >>> [apiv2][query] GET https://api.github.com/user [none]
[debug] [2026-05-04T07:38:32.417Z] <<< [apiv2][status] GET https://api.github.com/user 200
[debug] [2026-05-04T07:38:32.417Z] <<< [apiv2][body] GET https://api.github.com/user {"login":"arom272","id":275523051,"node_id":"U_kgDOEGwl6w","avatar_url":"https://avatars.githubusercontent.com/u/275523051?v=4","gravatar_id":"","url":"https://api.github.com/users/arom272","html_url":"https://github.com/arom272","followers_url":"https://api.github.com/users/arom272/followers","following_url":"https://api.github.com/users/arom272/following{/other_user}","gists_url":"https://api.github.com/users/arom272/gists{/gist_id}","starred_url":"https://api.github.com/users/arom272/starred{/owner}{/repo}","subscriptions_url":"https://api.github.com/users/arom272/subscriptions","organizations_url":"https://api.github.com/users/arom272/orgs","repos_url":"https://api.github.com/users/arom272/repos","events_url":"https://api.github.com/users/arom272/events{/privacy}","received_events_url":"https://api.github.com/users/arom272/received_events","type":"User","user_view_type":"private","site_admin":false,"name":null,"company":null,"blog":"","location":null,"email":null,"hireable":null,"bio":null,"twitter_username":null,"notification_email":null,"public_repos":0,"public_gists":0,"followers":0,"following":0,"created_at":"2026-04-12T17:33:40Z","updated_at":"2026-04-12T17:33:40Z","private_gists":0,"total_private_repos":0,"owned_private_repos":0,"disk_usage":0,"collaborators":0,"two_factor_authentication":false,"plan":{"name":"free","space":976562499,"collaborators":0,"private_repos":10000}}
[info] 
[info] +  Success! Logged into GitHub as arom272 
[info] 
[debug] [2026-05-04T07:39:00.615Z] >>> [apiv2][query] GET https://api.github.com/repos//actions/secrets/public-key type=owner
[debug] [2026-05-04T07:39:01.023Z] <<< [apiv2][status] GET https://api.github.com/repos//actions/secrets/public-key 404
[debug] [2026-05-04T07:39:01.023Z] <<< [apiv2][body] GET https://api.github.com/repos//actions/secrets/public-key {"message":"Not Found","documentation_url":"https://docs.github.com/rest","status":"404"}
[info] 
[info] 
[error] !  The provided authorization cannot be used with this repository. If this repository is in an organization, did you remember to grant access? 
[info] 
[info] i  Action required: Visit this URL to ensure access has been granted to the appropriate organization(s) for the Firebase CLI GitHub OAuth App: 
[info] https://github.com/settings/connections/applications/89cf50f02ac6aaed3484
[info] 
[debug] [2026-05-04T07:49:09.388Z] ExitPromptError: User force closed the prompt with SIGINT
    at Interface.sigint (C:\Users\aromg\AppData\Roaming\npm\node_modules\firebase-tools\node_modules\@inquirer\core\dist\commonjs\lib\create-prompt.js:101:37)
    at Interface.emit (node:events:509:28)
    at [_ttyWrite] [as _ttyWrite] (node:internal/readline/interface:1327:18)
    at ReadStream.onkeypress (node:internal/readline/interface:284:20)
    at ReadStream.emit (node:events:521:24)
    at emitKeys (node:internal/readline/utils:371:14)
    at emitKeys.next (<anonymous>)
    at ReadStream.onData (node:internal/readline/emitKeypressEvents:64:36)
    at ReadStream.emit (node:events:509:28)
    at addChunk (node:internal/streams/readable:563:12)
[error] 
[error] Error: An unexpected error has occurred.
